{
    "EncryptionSettings": {
        "PassPhraseToken": "ILovePaperlessReceipts"
    },
    "TokenEncryptionSettings": {
        "UseEncryption": true,
        "Passphrase": "Hello"
    },
    "EnvironmentSettings": {
        "EnvironmentName": "Development"
    }
}